10:15:22:893  INFO 18320 --- [main] com.hmall.cart.CartApplication           : Starting CartApplication using Java 11 on LAPTOP-GUBBUCIV with PID 18320 (D:\Develop\code\Project\hmall project\hmall\cart-service\target\classes started by Lenovo in D:\Develop\code\Project\hmall project\hmall)
10:15:22:901 DEBUG 18320 --- [main] com.hmall.cart.CartApplication           : Running with Spring Boot v2.7.12, Spring v5.3.27
10:15:22:902  INFO 18320 --- [main] com.hmall.cart.CartApplication           : The following 1 profile is active: "local"
10:15:25:061  INFO 18320 --- [main] o.s.cloud.context.scope.GenericScope     : BeanFactory id=e0848ba0-a8e0-38d8-89ac-30d375a3c8fe
10:15:25:688  INFO 18320 --- [main] o.s.b.w.embedded.tomcat.TomcatWebServer  : Tomcat initialized with port(s): 8082 (http)
10:15:25:704  INFO 18320 --- [main] o.apache.catalina.core.StandardService   : Starting service [Tomcat]
10:15:25:705  INFO 18320 --- [main] org.apache.catalina.core.StandardEngine  : Starting Servlet engine: [Apache Tomcat/9.0.75]
10:15:25:963  INFO 18320 --- [main] o.a.c.c.C.[Tomcat].[localhost].[/]       : Initializing Spring embedded WebApplicationContext
10:15:25:964  INFO 18320 --- [main] w.s.c.ServletWebServerApplicationContext : Root WebApplicationContext: initialization completed in 2977 ms
10:15:26:377  INFO 18320 --- [main] o.s.c.openfeign.FeignClientFactoryBean   : For 'item-service' URL not provided. Will try picking an instance via load-balancing.
10:15:30:622  INFO 18320 --- [main] pertySourcedRequestMappingHandlerMapping : Mapped URL path [/v2/api-docs] onto method [springfox.documentation.swagger2.web.Swagger2ControllerWebMvc#getDocumentation(String, HttpServletRequest)]
10:15:30:882  INFO 18320 --- [main] com.alibaba.nacos.common.remote.client   : [RpcClientFactory] create a new rpc client of 88871cf9-d324-474e-98bd-769794ffed9a
10:15:30:930  INFO 18320 --- [main] org.reflections.Reflections              : Reflections took 28 ms to scan 1 urls, producing 3 keys and 6 values 
10:15:30:964  INFO 18320 --- [main] org.reflections.Reflections              : Reflections took 13 ms to scan 1 urls, producing 4 keys and 9 values 
10:15:30:981  INFO 18320 --- [main] org.reflections.Reflections              : Reflections took 13 ms to scan 1 urls, producing 3 keys and 10 values 
10:15:30:985  WARN 18320 --- [main] org.reflections.Reflections              : given scan urls are empty. set urls in the configuration
10:15:30:997  INFO 18320 --- [main] org.reflections.Reflections              : Reflections took 10 ms to scan 1 urls, producing 1 keys and 5 values 
10:15:31:010  INFO 18320 --- [main] org.reflections.Reflections              : Reflections took 11 ms to scan 1 urls, producing 1 keys and 7 values 
10:15:31:024  INFO 18320 --- [main] org.reflections.Reflections              : Reflections took 10 ms to scan 1 urls, producing 2 keys and 8 values 
10:15:31:027  WARN 18320 --- [main] org.reflections.Reflections              : given scan urls are empty. set urls in the configuration
10:15:31:028  INFO 18320 --- [main] com.alibaba.nacos.common.remote.client   : [88871cf9-d324-474e-98bd-769794ffed9a] RpcClient init label, labels = {module=naming, source=sdk}
10:15:31:030  INFO 18320 --- [main] com.alibaba.nacos.common.remote.client   : [88871cf9-d324-474e-98bd-769794ffed9a] RpcClient init, ServerListFactory = com.alibaba.nacos.client.naming.core.ServerListManager
10:15:31:030  INFO 18320 --- [main] com.alibaba.nacos.common.remote.client   : [88871cf9-d324-474e-98bd-769794ffed9a] Registry connection listener to current client:com.alibaba.nacos.client.naming.remote.gprc.redo.NamingGrpcRedoService
10:15:31:030  INFO 18320 --- [main] com.alibaba.nacos.common.remote.client   : [88871cf9-d324-474e-98bd-769794ffed9a] Register server push request handler:com.alibaba.nacos.client.naming.remote.gprc.NamingPushRequestHandler
10:15:31:032  INFO 18320 --- [main] com.alibaba.nacos.common.remote.client   : [88871cf9-d324-474e-98bd-769794ffed9a] Try to connect to server on start up, server: {serverIp = '192.168.10.101', server main port = 8848}
10:15:33:335  INFO 18320 --- [main] com.alibaba.nacos.common.remote.client   : [88871cf9-d324-474e-98bd-769794ffed9a] Success to connect to server [192.168.10.101:8848] on start up, connectionId = 1755137731385_192.168.10.1_52450
10:15:33:336  INFO 18320 --- [com.alibaba.nacos.client.remote.worker] com.alibaba.nacos.common.remote.client   : [88871cf9-d324-474e-98bd-769794ffed9a] Notify connected event to listeners.
10:15:33:337  INFO 18320 --- [main] com.alibaba.nacos.common.remote.client   : [88871cf9-d324-474e-98bd-769794ffed9a] Register server push request handler:com.alibaba.nacos.common.remote.client.RpcClient$ConnectResetRequestHandler
10:15:33:337  INFO 18320 --- [main] com.alibaba.nacos.common.remote.client   : [88871cf9-d324-474e-98bd-769794ffed9a] Register server push request handler:com.alibaba.nacos.common.remote.client.RpcClient$$Lambda$985/0x0000000800766440
10:15:33:408  INFO 18320 --- [main] o.s.b.w.embedded.tomcat.TomcatWebServer  : Tomcat started on port(s): 8082 (http) with context path ''
10:15:33:934  INFO 18320 --- [nacos-grpc-client-executor-8] com.alibaba.nacos.common.remote.client   : [88871cf9-d324-474e-98bd-769794ffed9a] Receive server push request, request = NotifySubscriberRequest, requestId = 2
10:15:33:937  INFO 18320 --- [nacos-grpc-client-executor-8] com.alibaba.nacos.common.remote.client   : [88871cf9-d324-474e-98bd-769794ffed9a] Ack server push request, request = NotifySubscriberRequest, requestId = 2
10:15:34:042  INFO 18320 --- [main] c.a.c.n.registry.NacosServiceRegistry    : nacos registry, DEFAULT_GROUP cart-service 172.17.0.1:8082 register finished
10:15:34:043  INFO 18320 --- [main] d.s.w.p.DocumentationPluginsBootstrapper : Documentation plugins bootstrapped
10:15:34:047  INFO 18320 --- [main] d.s.w.p.DocumentationPluginsBootstrapper : Found 1 custom documentation plugin(s)
10:15:34:073  INFO 18320 --- [main] s.d.s.w.s.ApiListingReferenceScanner     : Scanning for api listing references
10:15:34:193  INFO 18320 --- [main] com.hmall.cart.CartApplication           : Started CartApplication in 13.443 seconds (JVM running for 15.202)
10:15:34:621  INFO 18320 --- [nacos-grpc-client-executor-13] com.alibaba.nacos.common.remote.client   : [88871cf9-d324-474e-98bd-769794ffed9a] Receive server push request, request = NotifySubscriberRequest, requestId = 3
10:15:34:622  INFO 18320 --- [nacos-grpc-client-executor-13] com.alibaba.nacos.common.remote.client   : [88871cf9-d324-474e-98bd-769794ffed9a] Ack server push request, request = NotifySubscriberRequest, requestId = 3
